# label newline, display_text from /home/pi/blinka-turbo/dt-main/adafruit_display_text, bitmap_font from /home/pi/blinka-turbo/bf-243/adafruit_bitmap_font
| font | class | update, one line ms | update, two lines ms |
|---|---|---|---|
| LeagueSpartan-Bold-16.bdf | label | 0.1 | 0.1 |
| LeagueSpartan-Bold-16.bdf | bitmap_label | 4.5 | 4.5 |
| Junction-regular-24.pcf | label | 0.1 | 0.1 |
| Junction-regular-24.pcf | bitmap_label | 9.4 | 9.4 |
# label newline, display_text from /home/pi/blinka-turbo/dt-batch/adafruit_display_text, bitmap_font from /home/pi/blinka-turbo/bf-243/adafruit_bitmap_font
| font | class | update, one line ms | update, two lines ms |
|---|---|---|---|
| LeagueSpartan-Bold-16.bdf | label | 0.1 | 0.1 |
| LeagueSpartan-Bold-16.bdf | bitmap_label | 4.5 | 4.4 |
| Junction-regular-24.pcf | label | 0.1 | 0.1 |
| Junction-regular-24.pcf | bitmap_label | 9.3 | 9.3 |
# label newline, display_text from /home/pi/blinka-turbo/dt-main/adafruit_display_text, bitmap_font from /home/pi/blinka-turbo/bf-242/adafruit_bitmap_font
| font | class | update, one line ms | update, two lines ms |
|---|---|---|---|
| LeagueSpartan-Bold-16.bdf | label | 0.1 | 0.1 |
| LeagueSpartan-Bold-16.bdf | bitmap_label | 4.5 | 4.5 |
| Junction-regular-24.pcf | label | 0.1 | 0.1 |
| Junction-regular-24.pcf | bitmap_label | 9.3 | 9.4 |
# label newline, display_text from /home/pi/blinka-turbo/dt-batch/adafruit_display_text, bitmap_font from /home/pi/blinka-turbo/bf-242/adafruit_bitmap_font
| font | class | update, one line ms | update, two lines ms |
|---|---|---|---|
| LeagueSpartan-Bold-16.bdf | label | 0.1 | 5.7 |
| LeagueSpartan-Bold-16.bdf | bitmap_label | 4.5 | 10.2 |
| Junction-regular-24.pcf | label | 0.1 | 3.6 |
| Junction-regular-24.pcf | bitmap_label | 9.3 | 12.8 |
