# rotozoom check, 120 cases, displayio from /home/pi/blinka-turbo/main249/displayio/__init__.py
pixels sha256 987197d35851
0.0 0.5 None None: 30,23,50,38
0.0 0.5 None 3: 30,23,50,38
0.0 0.5 ((10, 10), (60, 50)) None: 30,23,50,38
0.0 0.5 ((10, 10), (60, 50)) 3: 30,23,50,38
0.0 0.5 ((-20, -20), (5, 5)) None: 0,0,0,60
0.0 0.5 ((-20, -20), (5, 5)) 3: 0,0,0,60
0.0 0.5 ((90, 70), (120, 100)) None: 0,0,0,60
0.0 0.5 ((90, 70), (120, 100)) 3: 0,0,0,60
0.0 1.0 None None: 20,15,60,45
0.0 1.0 None 3: 20,15,60,45
0.0 1.0 ((10, 10), (60, 50)) None: 20,15,60,45
0.0 1.0 ((10, 10), (60, 50)) 3: 20,15,60,45
0.0 1.0 ((-20, -20), (5, 5)) None: 0,0,0,60
0.0 1.0 ((-20, -20), (5, 5)) 3: 0,0,0,60
0.0 1.0 ((90, 70), (120, 100)) None: 0,0,0,60
0.0 1.0 ((90, 70), (120, 100)) 3: 0,0,0,60
0.0 2.5 None None: 0,0,80,60
0.0 2.5 None 3: 0,0,80,60
0.0 2.5 ((10, 10), (60, 50)) None: 10,10,60,50
0.0 2.5 ((10, 10), (60, 50)) 3: 10,10,60,50
0.0 2.5 ((-20, -20), (5, 5)) None: 0,0,5,5
0.0 2.5 ((-20, -20), (5, 5)) 3: 0,0,5,5
0.0 2.5 ((90, 70), (120, 100)) None: 0,0,0,60
0.0 2.5 ((90, 70), (120, 100)) 3: 0,0,0,60
0.3 0.5 None None: 29,20,52,41
0.3 0.5 None 3: 29,20,52,41
0.3 0.5 ((10, 10), (60, 50)) None: 29,20,52,41
0.3 0.5 ((10, 10), (60, 50)) 3: 29,20,52,41
0.3 0.5 ((-20, -20), (5, 5)) None: 0,0,0,60
0.3 0.5 ((-20, -20), (5, 5)) 3: 0,0,0,60
0.3 0.5 ((90, 70), (120, 100)) None: 0,0,0,60
0.3 0.5 ((90, 70), (120, 100)) 3: 0,0,0,60
0.3 1.0 None None: 17,10,64,51
0.3 1.0 None 3: 17,10,64,51
0.3 1.0 ((10, 10), (60, 50)) None: 17,10,60,50
0.3 1.0 ((10, 10), (60, 50)) 3: 17,10,60,50
0.3 1.0 ((-20, -20), (5, 5)) None: 0,0,0,60
0.3 1.0 ((-20, -20), (5, 5)) 3: 0,0,0,60
0.3 1.0 ((90, 70), (120, 100)) None: 0,0,0,60
0.3 1.0 ((90, 70), (120, 100)) 3: 0,0,0,60
0.3 2.5 None None: 0,0,80,60
0.3 2.5 None 3: 0,0,80,60
0.3 2.5 ((10, 10), (60, 50)) None: 10,10,60,50
0.3 2.5 ((10, 10), (60, 50)) 3: 10,10,60,50
0.3 2.5 ((-20, -20), (5, 5)) None: 0,0,5,5
0.3 2.5 ((-20, -20), (5, 5)) 3: 0,0,5,5
0.3 2.5 ((90, 70), (120, 100)) None: 0,0,0,60
0.3 2.5 ((90, 70), (120, 100)) 3: 0,0,0,60
1.2 0.5 None None: 30,19,51,42
1.2 0.5 None 3: 30,19,51,42
1.2 0.5 ((10, 10), (60, 50)) None: 30,19,51,42
1.2 0.5 ((10, 10), (60, 50)) 3: 30,19,51,42
1.2 0.5 ((-20, -20), (5, 5)) None: 0,0,0,60
1.2 0.5 ((-20, -20), (5, 5)) 3: 0,0,0,60
1.2 0.5 ((90, 70), (120, 100)) None: 0,0,0,60
1.2 0.5 ((90, 70), (120, 100)) 3: 0,0,0,60
1.2 1.0 None None: 19,7,62,54
1.2 1.0 None 3: 19,7,62,54
1.2 1.0 ((10, 10), (60, 50)) None: 19,10,60,50
1.2 1.0 ((10, 10), (60, 50)) 3: 19,10,60,50
1.2 1.0 ((-20, -20), (5, 5)) None: 0,0,0,60
1.2 1.0 ((-20, -20), (5, 5)) 3: 0,0,0,60
1.2 1.0 ((90, 70), (120, 100)) None: 0,0,0,60
1.2 1.0 ((90, 70), (120, 100)) 3: 0,0,0,60
1.2 2.5 None None: 0,0,80,60
1.2 2.5 None 3: 0,0,80,60
1.2 2.5 ((10, 10), (60, 50)) None: 10,10,60,50
1.2 2.5 ((10, 10), (60, 50)) 3: 10,10,60,50
1.2 2.5 ((-20, -20), (5, 5)) None: 0,0,5,5
1.2 2.5 ((-20, -20), (5, 5)) 3: 0,0,5,5
1.2 2.5 ((90, 70), (120, 100)) None: 0,0,0,60
1.2 2.5 ((90, 70), (120, 100)) 3: 0,0,0,60
3.14159 0.5 None None: 30,23,51,38
3.14159 0.5 None 3: 30,23,51,38
3.14159 0.5 ((10, 10), (60, 50)) None: 30,23,51,38
3.14159 0.5 ((10, 10), (60, 50)) 3: 30,23,51,38
3.14159 0.5 ((-20, -20), (5, 5)) None: 0,0,0,60
3.14159 0.5 ((-20, -20), (5, 5)) 3: 0,0,0,60
3.14159 0.5 ((90, 70), (120, 100)) None: 0,0,0,60
3.14159 0.5 ((90, 70), (120, 100)) 3: 0,0,0,60
3.14159 1.0 None None: 20,15,61,46
3.14159 1.0 None 3: 20,15,61,46
3.14159 1.0 ((10, 10), (60, 50)) None: 20,15,60,46
3.14159 1.0 ((10, 10), (60, 50)) 3: 20,15,60,46
3.14159 1.0 ((-20, -20), (5, 5)) None: 0,0,0,60
3.14159 1.0 ((-20, -20), (5, 5)) 3: 0,0,0,60
3.14159 1.0 ((90, 70), (120, 100)) None: 0,0,0,60
3.14159 1.0 ((90, 70), (120, 100)) 3: 0,0,0,60
3.14159 2.5 None None: 0,0,80,60
3.14159 2.5 None 3: 0,0,80,60
3.14159 2.5 ((10, 10), (60, 50)) None: 10,10,60,50
3.14159 2.5 ((10, 10), (60, 50)) 3: 10,10,60,50
3.14159 2.5 ((-20, -20), (5, 5)) None: 0,0,5,5
3.14159 2.5 ((-20, -20), (5, 5)) 3: 0,0,5,5
3.14159 2.5 ((90, 70), (120, 100)) None: 0,0,0,60
3.14159 2.5 ((90, 70), (120, 100)) 3: 0,0,0,60
-0.7 0.5 None None: 28,19,53,42
-0.7 0.5 None 3: 28,19,53,42
-0.7 0.5 ((10, 10), (60, 50)) None: 28,19,53,42
-0.7 0.5 ((10, 10), (60, 50)) 3: 28,19,53,42
-0.7 0.5 ((-20, -20), (5, 5)) None: 0,0,0,60
-0.7 0.5 ((-20, -20), (5, 5)) 3: 0,0,0,60
-0.7 0.5 ((90, 70), (120, 100)) None: 0,0,0,60
-0.7 0.5 ((90, 70), (120, 100)) 3: 0,0,0,60
-0.7 1.0 None None: 16,7,65,54
-0.7 1.0 None 3: 16,7,65,54
-0.7 1.0 ((10, 10), (60, 50)) None: 16,10,60,50
-0.7 1.0 ((10, 10), (60, 50)) 3: 16,10,60,50
-0.7 1.0 ((-20, -20), (5, 5)) None: 0,0,0,60
-0.7 1.0 ((-20, -20), (5, 5)) 3: 0,0,0,60
-0.7 1.0 ((90, 70), (120, 100)) None: 0,0,0,60
-0.7 1.0 ((90, 70), (120, 100)) 3: 0,0,0,60
-0.7 2.5 None None: 0,0,80,60
-0.7 2.5 None 3: 0,0,80,60
-0.7 2.5 ((10, 10), (60, 50)) None: 10,10,60,50
-0.7 2.5 ((10, 10), (60, 50)) 3: 10,10,60,50
-0.7 2.5 ((-20, -20), (5, 5)) None: 0,0,0,60
-0.7 2.5 ((-20, -20), (5, 5)) 3: 0,0,0,60
-0.7 2.5 ((90, 70), (120, 100)) None: 0,0,0,60
-0.7 2.5 ((90, 70), (120, 100)) 3: 0,0,0,60
