trial 1: screen differs from a full redraw after write add move write add write
trial 8: screen differs from a full redraw after move write move move write pop
trial 9: screen differs from a full redraw after add move pop move add pop
trial 12: screen differs from a full redraw after add move pop pop move add
trial 16: screen differs from a full redraw after pop write move write add add
trial 20: screen differs from a full redraw after move move pop move write pop
trial 22: screen differs from a full redraw after add move add add pop write
trial 26: screen differs from a full redraw after write write pop pop write write
trial 28: screen differs from a full redraw after write move move write move add
trial 37: screen differs from a full redraw after move move move move write move
trial 40: screen differs from a full redraw after write add move pop write write
trial 43: screen differs from a full redraw after move write move pop move write
trial 45: screen differs from a full redraw after move move add write move move
trial 49: screen differs from a full redraw after write write add add pop add
trial 52: screen differs from a full redraw after pop pop write add add add
trial 54: screen differs from a full redraw after move move pop add write pop
trial 55: screen differs from a full redraw after add pop pop move move add
trial 57: screen differs from a full redraw after pop move write write write move
trial 59: screen differs from a full redraw after pop move pop write move write
# group race, 60 trials, 19 wrong, same root, actions move,pop,add,write, displayio from /home/pi/blinka-turbo/grouperase/displayio/__init__.py
