trial 0: screen differs from a full redraw after move pop add move write write
trial 1: screen differs from a full redraw after write add move write add write
trial 2: screen differs from a full redraw after add move pop move pop add
trial 3: screen differs from a full redraw after move add pop pop pop add
trial 4: screen differs from a full redraw after move move write write write write
trial 5: screen differs from a full redraw after move write move pop write write
trial 6: screen differs from a full redraw after move write move pop add pop
trial 8: screen differs from a full redraw after move write move move write pop
trial 9: screen differs from a full redraw after add move pop move add pop
trial 10: screen differs from a full redraw after pop move pop pop pop write
trial 11: screen differs from a full redraw after add add move add pop write
trial 12: screen differs from a full redraw after add move pop pop move add
trial 13: screen differs from a full redraw after pop write write pop write pop
trial 14: screen differs from a full redraw after add write write write move add
trial 16: screen differs from a full redraw after pop write move write add add
trial 18: screen differs from a full redraw after pop write pop write add write
trial 20: screen differs from a full redraw after move move pop move write pop
trial 21: screen differs from a full redraw after write write move pop write write
trial 22: screen differs from a full redraw after add move add add pop write
trial 23: screen differs from a full redraw after move add add pop add add
trial 24: screen differs from a full redraw after add add add pop move move
trial 26: screen differs from a full redraw after write write pop pop write write
trial 27: screen differs from a full redraw after write add add add write move
trial 28: screen differs from a full redraw after write move move write move add
trial 29: screen differs from a full redraw after pop write add move pop add
trial 30: screen differs from a full redraw after pop write add pop write pop
trial 31: screen differs from a full redraw after pop add write pop pop move
trial 32: screen differs from a full redraw after add add write pop move write
trial 33: screen differs from a full redraw after write pop pop add write pop
trial 34: screen differs from a full redraw after add write move add pop add
trial 35: screen differs from a full redraw after pop move write move pop move
trial 36: screen differs from a full redraw after pop write pop add move pop
trial 37: screen differs from a full redraw after move move move move write move
trial 38: screen differs from a full redraw after write add move add write add
trial 39: screen differs from a full redraw after move write move pop write pop
trial 40: screen differs from a full redraw after write add move pop write write
trial 41: screen differs from a full redraw after add move write add move pop
trial 42: screen differs from a full redraw after add write add move add add
trial 43: screen differs from a full redraw after move write move pop move write
trial 45: screen differs from a full redraw after move move add write move move
trial 47: screen differs from a full redraw after move pop write pop move move
trial 48: screen differs from a full redraw after add pop write move move pop
trial 50: screen differs from a full redraw after move move write add move move
trial 51: screen differs from a full redraw after pop pop add pop pop move
trial 52: screen differs from a full redraw after pop pop write add add add
trial 54: screen differs from a full redraw after move move pop add write pop
trial 55: screen differs from a full redraw after add pop pop move move add
trial 57: screen differs from a full redraw after pop move write write write move
trial 58: screen differs from a full redraw after pop move move pop move pop
trial 59: screen differs from a full redraw after pop move pop write move write
# group race, 60 trials, 50 wrong, displayio from /home/pi/blinka-turbo/main247/displayio/__init__.py
