# rotozoom check, 120 cases, displayio from /home/pi/blinka-turbo/bitmapvalues2/displayio/__init__.py
pixels sha256 987197d35851
0.0 0.5 None None: 30,22,51,38
0.0 0.5 None 3: 30,22,51,38
0.0 0.5 ((10, 10), (60, 50)) None: 30,22,51,38
0.0 0.5 ((10, 10), (60, 50)) 3: 30,22,51,38
0.0 0.5 ((-20, -20), (5, 5)) None: 0,0,0,60
0.0 0.5 ((-20, -20), (5, 5)) 3: 0,0,0,60
0.0 0.5 ((90, 70), (120, 100)) None: 0,0,0,60
0.0 0.5 ((90, 70), (120, 100)) 3: 0,0,0,60
0.0 1.0 None None: 20,15,61,46
0.0 1.0 None 3: 20,15,61,46
0.0 1.0 ((10, 10), (60, 50)) None: 20,15,60,46
0.0 1.0 ((10, 10), (60, 50)) 3: 20,15,60,46
0.0 1.0 ((-20, -20), (5, 5)) None: 0,0,0,60
0.0 1.0 ((-20, -20), (5, 5)) 3: 0,0,0,60
0.0 1.0 ((90, 70), (120, 100)) None: 0,0,0,60
0.0 1.0 ((90, 70), (120, 100)) 3: 0,0,0,60
0.0 2.5 None None: 0,0,80,60
0.0 2.5 None 3: 0,0,80,60
0.0 2.5 ((10, 10), (60, 50)) None: 10,10,60,50
0.0 2.5 ((10, 10), (60, 50)) 3: 10,10,60,50
0.0 2.5 ((-20, -20), (5, 5)) None: 0,0,5,5
0.0 2.5 ((-20, -20), (5, 5)) 3: 0,0,5,5
0.0 2.5 ((90, 70), (120, 100)) None: 0,0,0,60
0.0 2.5 ((90, 70), (120, 100)) 3: 0,0,0,60
0.3 0.5 None None: 28,19,52,41
0.3 0.5 None 3: 28,19,52,41
0.3 0.5 ((10, 10), (60, 50)) None: 28,19,52,41
0.3 0.5 ((10, 10), (60, 50)) 3: 28,19,52,41
0.3 0.5 ((-20, -20), (5, 5)) None: 0,0,0,60
0.3 0.5 ((-20, -20), (5, 5)) 3: 0,0,0,60
0.3 0.5 ((90, 70), (120, 100)) None: 0,0,0,60
0.3 0.5 ((90, 70), (120, 100)) 3: 0,0,0,60
0.3 1.0 None None: 16,9,64,51
0.3 1.0 None 3: 16,9,64,51
0.3 1.0 ((10, 10), (60, 50)) None: 16,10,60,50
0.3 1.0 ((10, 10), (60, 50)) 3: 16,10,60,50
0.3 1.0 ((-20, -20), (5, 5)) None: 0,0,0,60
0.3 1.0 ((-20, -20), (5, 5)) 3: 0,0,0,60
0.3 1.0 ((90, 70), (120, 100)) None: 0,0,0,60
0.3 1.0 ((90, 70), (120, 100)) 3: 0,0,0,60
0.3 2.5 None None: 0,0,80,60
0.3 2.5 None 3: 0,0,80,60
0.3 2.5 ((10, 10), (60, 50)) None: 10,10,60,50
0.3 2.5 ((10, 10), (60, 50)) 3: 10,10,60,50
0.3 2.5 ((-20, -20), (5, 5)) None: 0,0,5,5
0.3 2.5 ((-20, -20), (5, 5)) 3: 0,0,5,5
0.3 2.5 ((90, 70), (120, 100)) None: 0,0,0,60
0.3 2.5 ((90, 70), (120, 100)) 3: 0,0,0,60
1.2 0.5 None None: 29,17,51,43
1.2 0.5 None 3: 29,17,51,43
1.2 0.5 ((10, 10), (60, 50)) None: 29,17,51,43
1.2 0.5 ((10, 10), (60, 50)) 3: 29,17,51,43
1.2 0.5 ((-20, -20), (5, 5)) None: 0,0,0,60
1.2 0.5 ((-20, -20), (5, 5)) 3: 0,0,0,60
1.2 0.5 ((90, 70), (120, 100)) None: 0,0,0,60
1.2 0.5 ((90, 70), (120, 100)) 3: 0,0,0,60
1.2 1.0 None None: 18,5,62,55
1.2 1.0 None 3: 18,5,62,55
1.2 1.0 ((10, 10), (60, 50)) None: 18,10,60,50
1.2 1.0 ((10, 10), (60, 50)) 3: 18,10,60,50
1.2 1.0 ((-20, -20), (5, 5)) None: 0,0,0,60
1.2 1.0 ((-20, -20), (5, 5)) 3: 0,0,0,60
1.2 1.0 ((90, 70), (120, 100)) None: 0,0,0,60
1.2 1.0 ((90, 70), (120, 100)) 3: 0,0,0,60
1.2 2.5 None None: 0,0,80,60
1.2 2.5 None 3: 0,0,80,60
1.2 2.5 ((10, 10), (60, 50)) None: 10,10,60,50
1.2 2.5 ((10, 10), (60, 50)) 3: 10,10,60,50
1.2 2.5 ((-20, -20), (5, 5)) None: 0,0,5,5
1.2 2.5 ((-20, -20), (5, 5)) 3: 0,0,5,5
1.2 2.5 ((90, 70), (120, 100)) None: 0,0,0,60
1.2 2.5 ((90, 70), (120, 100)) 3: 0,0,0,60
3.14159 0.5 None None: 29,22,51,38
3.14159 0.5 None 3: 29,22,51,38
3.14159 0.5 ((10, 10), (60, 50)) None: 29,22,51,38
3.14159 0.5 ((10, 10), (60, 50)) 3: 29,22,51,38
3.14159 0.5 ((-20, -20), (5, 5)) None: 0,0,0,60
3.14159 0.5 ((-20, -20), (5, 5)) 3: 0,0,0,60
3.14159 0.5 ((90, 70), (120, 100)) None: 0,0,0,60
3.14159 0.5 ((90, 70), (120, 100)) 3: 0,0,0,60
3.14159 1.0 None None: 19,14,61,46
3.14159 1.0 None 3: 19,14,61,46
3.14159 1.0 ((10, 10), (60, 50)) None: 19,14,60,46
3.14159 1.0 ((10, 10), (60, 50)) 3: 19,14,60,46
3.14159 1.0 ((-20, -20), (5, 5)) None: 0,0,0,60
3.14159 1.0 ((-20, -20), (5, 5)) 3: 0,0,0,60
3.14159 1.0 ((90, 70), (120, 100)) None: 0,0,0,60
3.14159 1.0 ((90, 70), (120, 100)) 3: 0,0,0,60
3.14159 2.5 None None: 0,0,80,60
3.14159 2.5 None 3: 0,0,80,60
3.14159 2.5 ((10, 10), (60, 50)) None: 10,10,60,50
3.14159 2.5 ((10, 10), (60, 50)) 3: 10,10,60,50
3.14159 2.5 ((-20, -20), (5, 5)) None: 0,0,5,5
3.14159 2.5 ((-20, -20), (5, 5)) 3: 0,0,5,5
3.14159 2.5 ((90, 70), (120, 100)) None: 0,0,0,60
3.14159 2.5 ((90, 70), (120, 100)) 3: 0,0,0,60
-0.7 0.5 None None: 27,17,53,43
-0.7 0.5 None 3: 27,17,53,43
-0.7 0.5 ((10, 10), (60, 50)) None: 27,17,53,43
-0.7 0.5 ((10, 10), (60, 50)) 3: 27,17,53,43
-0.7 0.5 ((-20, -20), (5, 5)) None: 0,0,0,60
-0.7 0.5 ((-20, -20), (5, 5)) 3: 0,0,0,60
-0.7 0.5 ((90, 70), (120, 100)) None: 0,0,0,60
-0.7 0.5 ((90, 70), (120, 100)) 3: 0,0,0,60
-0.7 1.0 None None: 15,5,65,55
-0.7 1.0 None 3: 15,5,65,55
-0.7 1.0 ((10, 10), (60, 50)) None: 15,10,60,50
-0.7 1.0 ((10, 10), (60, 50)) 3: 15,10,60,50
-0.7 1.0 ((-20, -20), (5, 5)) None: 0,0,0,60
-0.7 1.0 ((-20, -20), (5, 5)) 3: 0,0,0,60
-0.7 1.0 ((90, 70), (120, 100)) None: 0,0,0,60
-0.7 1.0 ((90, 70), (120, 100)) 3: 0,0,0,60
-0.7 2.5 None None: 0,0,80,60
-0.7 2.5 None 3: 0,0,80,60
-0.7 2.5 ((10, 10), (60, 50)) None: 10,10,60,50
-0.7 2.5 ((10, 10), (60, 50)) 3: 10,10,60,50
-0.7 2.5 ((-20, -20), (5, 5)) None: 0,0,5,5
-0.7 2.5 ((-20, -20), (5, 5)) 3: 0,0,5,5
-0.7 2.5 ((90, 70), (120, 100)) None: 0,0,0,60
-0.7 2.5 ((90, 70), (120, 100)) 3: 0,0,0,60
